[backblue.gif]
[fade.gif]
[index.html]
[ajax.googleapis.com/ajax/libs/jquery/1.8.2/jquery.min.js]
[focuscarelink.co.uk/layout/logo.png]
[focuscarelink.co.uk/layout/piddy.png]
[focuscarelink.co.uk/index.html]
[focuscarelink.co.uk/layout/font-size.png]
[focuscarelink.co.uk/layout/slides.png]
[focuscarelink.co.uk/layout/bottom-menu.jpg]
[focuscarelink.co.uk/style.css]
[focuscarelink.co.uk/layout_inc/jquery.cookie.js]
[focuscarelink.co.uk/layout_inc/fontsize.js]
[focuscarelink.co.uk/layout_inc/jquery.cycle.js]
[focuscarelink.co.uk/index-2.html]
[focuscarelink.co.uk/Uploads/ukhca logo.jpg]
[focuscarelink.co.uk/Uploads/UKAS-ISO-9001.jpg]
[focuscarelink.co.uk/Uploads/whoweare.jpg]
[focuscarelink.co.uk/page681a.html]
[focuscarelink.co.uk/paged5e8.html]
[focuscarelink.co.uk/Uploads/whatwedo.jpg]
[focuscarelink.co.uk/page0b30.html]
[focuscarelink.co.uk/Uploads/whowehelp.jpg]
[focuscarelink.co.uk/paged708.html]
[focuscarelink.co.uk/page0055.html]
[focuscarelink.co.uk/contact.html]
[focuscarelink.co.uk/staff/index.html]
[focuscarelink.co.uk/Uploads/homecare.jpg]
[focuscarelink.co.uk/pagedcfd.html]
[focuscarelink.co.uk/Uploads/liveincare.jpg]
[focuscarelink.co.uk/paged61c.html]
[focuscarelink.co.uk/Uploads/cleaning.jpg]
[focuscarelink.co.uk/page3a9f.html]
[focuscarelink.co.uk/Uploads/cultural2.jpg]
[focuscarelink.co.uk/page8803.html]
[focuscarelink.co.uk/layout_inc/Bariol_Regular.html]
[focuscarelink.co.uk/header.html]
[focuscarelink.co.uk/Uploads/carers3.jpg]
[focuscarelink.co.uk/pagec3c9.html]
[focuscarelink.co.uk/Uploads/meettheteam2.jpg]
[focuscarelink.co.uk/pagef41b.html]
[www.cqc.org.uk/sites/all/modules/custom/cqc_widget/widget2397.js]
[focuscarelink.co.uk/pagedac1.html]
[focuscarelink.co.uk/page7429.html]
[focuscarelink.co.uk/page2728.html]
[focuscarelink.co.uk/page3773.html]
[focuscarelink.co.uk/page1434.html]
[focuscarelink.co.uk/pageef73.html]
[focuscarelink.co.uk/page40ac.html]
[focuscarelink.co.uk/pagef62c.html]
[www.cqc.org.uk/sites/all/modules/custom/cqc_widget/widget325f.js]
[focuscarelink.co.uk/staff/layout_inc/login.png]
[focuscarelink.co.uk/staff/login.html]
[focuscarelink.co.uk/staff/style.css]
[focuscarelink.co.uk/layout_inc/ckeditor/ckeditor.js]
[focuscarelink.co.uk/staff/forgot-password.html]
[focuscarelink.co.uk/layout/header.html]
[focuscarelink.co.uk/staff/layout/bottom-menu.html]
[focuscarelink.co.uk/staff/applewebkit/index.html]
[focuscarelink.co.uk/staff/adobeair/index.html]
[focuscarelink.co.uk/staff/plugins/index.html]
[focuscarelink.co.uk/staff/styles.html]
[focuscarelink.co.uk/staff/chrome/index.html]
[focuscarelink.co.uk/staff/plugins/templates/templates/default.html]
